// Jest Snapshot v1, https://goo.gl/fbAQLP

exports[`tokenizer should  1`] = `
Object {
  "columns": Array [],
  "lines": Array [],
  "tokens": Array [],
}
`;
